&&&& RUNNING TensorRT.trtexec [TensorRT v100300] # /usr/src/tensorrt/bin/trtexec --loadEngine=/home/jetson4/models/parakeet_ctc_vi/engines/parakeet_ctc_vi_fp16.engine --shapes=audio_signal:1x80x465,length:1 --loadInputs=audio_signal:/home/jetson4/models/parakeet_ctc_vi/test_data/test_vieneu_mel_fp32.bin,length:/home/jetson4/models/parakeet_ctc_vi/test_data/test_vieneu_mel_length_int64.bin --warmUp=1000 --duration=5 --iterations=100
[08/14/2026-09:46:32] [I] === Model Options ===
[08/14/2026-09:46:32] [I] Format: *
[08/14/2026-09:46:32] [I] Model:
[08/14/2026-09:46:32] [I] Output:
[08/14/2026-09:46:32] [I]
[08/14/2026-09:46:32] [I] === System Options ===
[08/14/2026-09:46:32] [I] Device: 0
[08/14/2026-09:46:32] [I] DLACore:
[08/14/2026-09:46:32] [I] Plugins:
[08/14/2026-09:46:32] [I] setPluginsToSerialize:
[08/14/2026-09:46:32] [I] dynamicPlugins:
[08/14/2026-09:46:32] [I] ignoreParsedPluginLibs: 0
[08/14/2026-09:46:32] [I]
[08/14/2026-09:46:32] [I] === Inference Options ===
[08/14/2026-09:46:32] [I] Batch: Explicit
[08/14/2026-09:46:32] [I] Input inference shape : length=1
[08/14/2026-09:46:32] [I] Input inference shape : audio_signal=1x80x465
[08/14/2026-09:46:32] [I] Iterations: 100
[08/14/2026-09:46:32] [I] Duration: 5s (+ 1000ms warm up)
[08/14/2026-09:46:32] [I] Sleep time: 0ms
[08/14/2026-09:46:32] [I] Idle time: 0ms
[08/14/2026-09:46:32] [I] Inference Streams: 1
[08/14/2026-09:46:32] [I] ExposeDMA: Disabled
[08/14/2026-09:46:32] [I] Data transfers: Enabled
[08/14/2026-09:46:32] [I] Spin-wait: Disabled
[08/14/2026-09:46:32] [I] Multithreading: Disabled
[08/14/2026-09:46:32] [I] CUDA Graph: Disabled
[08/14/2026-09:46:32] [I] Separate profiling: Disabled
[08/14/2026-09:46:32] [I] Time Deserialize: Disabled
[08/14/2026-09:46:32] [I] Time Refit: Disabled
[08/14/2026-09:46:32] [I] NVTX verbosity: 0
[08/14/2026-09:46:32] [I] Persistent Cache Ratio: 0
[08/14/2026-09:46:32] [I] Optimization Profile Index: 0
[08/14/2026-09:46:32] [I] Weight Streaming Budget: 100.000000%
[08/14/2026-09:46:32] [I] Inputs:
[08/14/2026-09:46:32] [I] length<-/home/jetson4/models/parakeet_ctc_vi/test_data/test_vieneu_mel_length_int64.bin
[08/14/2026-09:46:32] [I] audio_signal<-/home/jetson4/models/parakeet_ctc_vi/test_data/test_vieneu_mel_fp32.bin
[08/14/2026-09:46:32] [I] Debug Tensor Save Destinations:
[08/14/2026-09:46:32] [I] === Reporting Options ===
[08/14/2026-09:46:32] [I] Verbose: Disabled
[08/14/2026-09:46:32] [I] Averages: 10 inferences
[08/14/2026-09:46:32] [I] Percentiles: 90,95,99
[08/14/2026-09:46:32] [I] Dump refittable layers:Disabled
[08/14/2026-09:46:32] [I] Dump output: Disabled
[08/14/2026-09:46:32] [I] Profile: Disabled
[08/14/2026-09:46:32] [I] Export timing to JSON file:
[08/14/2026-09:46:32] [I] Export output to JSON file:
[08/14/2026-09:46:32] [I] Export profile to JSON file:
[08/14/2026-09:46:32] [I]
[08/14/2026-09:46:32] [I] === Device Information ===
[08/14/2026-09:46:32] [I] Available Devices:
[08/14/2026-09:46:32] [I]   Device 0: "Orin" UUID: GPU-86f9ca4d-8100-5569-bbd3-d18d32f26c01
[08/14/2026-09:46:32] [I] Selected Device: Orin
[08/14/2026-09:46:32] [I] Selected Device ID: 0
[08/14/2026-09:46:32] [I] Selected Device UUID: GPU-86f9ca4d-8100-5569-bbd3-d18d32f26c01
[08/14/2026-09:46:32] [I] Compute Capability: 8.7
[08/14/2026-09:46:32] [I] SMs: 8
[08/14/2026-09:46:32] [I] Device Global Memory: 15655 MiB
[08/14/2026-09:46:32] [I] Shared Memory per SM: 164 KiB
[08/14/2026-09:46:32] [I] Memory Bus Width: 256 bits (ECC disabled)
[08/14/2026-09:46:32] [I] Application Compute Clock Rate: 1.173 GHz
[08/14/2026-09:46:32] [I] Application Memory Clock Rate: 1.173 GHz
[08/14/2026-09:46:32] [I]
[08/14/2026-09:46:32] [I] Note: The application clock rates do not reflect the actual clock rates that the GPU is currently running at.
[08/14/2026-09:46:32] [I]
[08/14/2026-09:46:32] [I] TensorRT version: 10.3.0
[08/14/2026-09:46:32] [I] Loading standard plugins
[08/14/2026-09:46:32] [I] [TRT] Loaded engine size: 1201 MiB
[08/14/2026-09:46:33] [I] Engine deserialized in 0.90667 sec.
[08/14/2026-09:46:37] [I] [TRT] [MemUsageChange] TensorRT-managed allocation in IExecutionContext creation: CPU +0, GPU +188, now: CPU 0, GPU 1369 (MiB)
[08/14/2026-09:46:37] [I] Setting persistentCacheLimit to 0 bytes.
[08/14/2026-09:46:37] [I] Set shape of input tensor audio_signal to: 1x80x465
[08/14/2026-09:46:37] [I] Created execution context with device memory size: 187.999 MiB
[08/14/2026-09:46:37] [I] Using values loaded from /home/jetson4/models/parakeet_ctc_vi/test_data/test_vieneu_mel_fp32.bin for input audio_signal
[08/14/2026-09:46:37] [I] Input binding for audio_signal with dimensions 1x80x465 is created.
[08/14/2026-09:46:37] [I] Using values loaded from /home/jetson4/models/parakeet_ctc_vi/test_data/test_vieneu_mel_length_int64.bin for input length
[08/14/2026-09:46:37] [I] Input binding for length with dimensions 1 is created.
[08/14/2026-09:46:37] [I] Output binding for logprobs with dimensions 1x59x1025 is created.
[08/14/2026-09:46:37] [I] Starting inference
[08/14/2026-09:46:43] [I] Warmup completed 38 queries over 1000 ms
[08/14/2026-09:46:43] [I] Timing trace has 215 queries over 5.08594 s
[08/14/2026-09:46:43] [I]
[08/14/2026-09:46:43] [I] === Trace details ===
[08/14/2026-09:46:43] [I] Trace averages of 10 runs:
[08/14/2026-09:46:43] [I] Average on 10 runs - GPU latency: 23.5514 ms - Host latency: 23.5889 ms (enqueue 21.318 ms)
[08/14/2026-09:46:43] [I] Average on 10 runs - GPU latency: 23.5371 ms - Host latency: 23.5745 ms (enqueue 21.1627 ms)
[08/14/2026-09:46:43] [I] Average on 10 runs - GPU latency: 23.5467 ms - Host latency: 23.5896 ms (enqueue 21.191 ms)
[08/14/2026-09:46:43] [I] Average on 10 runs - GPU latency: 23.545 ms - Host latency: 23.5856 ms (enqueue 21.259 ms)
[08/14/2026-09:46:43] [I] Average on 10 runs - GPU latency: 23.5431 ms - Host latency: 23.5834 ms (enqueue 21.2765 ms)
[08/14/2026-09:46:43] [I] Average on 10 runs - GPU latency: 23.5436 ms - Host latency: 23.5865 ms (enqueue 21.1881 ms)
[08/14/2026-09:46:43] [I] Average on 10 runs - GPU latency: 23.5434 ms - Host latency: 23.5861 ms (enqueue 21.3201 ms)
[08/14/2026-09:46:43] [I] Average on 10 runs - GPU latency: 23.5475 ms - Host latency: 23.5876 ms (enqueue 21.2244 ms)
[08/14/2026-09:46:43] [I] Average on 10 runs - GPU latency: 23.5435 ms - Host latency: 23.5809 ms (enqueue 21.2675 ms)
[08/14/2026-09:46:43] [I] Average on 10 runs - GPU latency: 23.5447 ms - Host latency: 23.5872 ms (enqueue 21.1654 ms)
[08/14/2026-09:46:43] [I] Average on 10 runs - GPU latency: 23.5515 ms - Host latency: 23.5929 ms (enqueue 21.2195 ms)
[08/14/2026-09:46:43] [I] Average on 10 runs - GPU latency: 23.5458 ms - Host latency: 23.584 ms (enqueue 21.2635 ms)
[08/14/2026-09:46:43] [I] Average on 10 runs - GPU latency: 23.5434 ms - Host latency: 23.5818 ms (enqueue 21.3093 ms)
[08/14/2026-09:46:43] [I] Average on 10 runs - GPU latency: 23.5452 ms - Host latency: 23.5859 ms (enqueue 21.2978 ms)
[08/14/2026-09:46:43] [I] Average on 10 runs - GPU latency: 23.5479 ms - Host latency: 23.5877 ms (enqueue 21.2043 ms)
[08/14/2026-09:46:43] [I] Average on 10 runs - GPU latency: 23.5418 ms - Host latency: 23.5816 ms (enqueue 21.2268 ms)
[08/14/2026-09:46:43] [I] Average on 10 runs - GPU latency: 23.5455 ms - Host latency: 23.5862 ms (enqueue 21.2616 ms)
[08/14/2026-09:46:43] [I] Average on 10 runs - GPU latency: 23.5416 ms - Host latency: 23.5793 ms (enqueue 21.3183 ms)
[08/14/2026-09:46:43] [I] Average on 10 runs - GPU latency: 23.5444 ms - Host latency: 23.5818 ms (enqueue 21.1729 ms)
[08/14/2026-09:46:43] [I] Average on 10 runs - GPU latency: 23.5505 ms - Host latency: 23.5883 ms (enqueue 21.2171 ms)
[08/14/2026-09:46:43] [I] Average on 10 runs - GPU latency: 23.5384 ms - Host latency: 23.5764 ms (enqueue 21.2574 ms)
[08/14/2026-09:46:43] [I]
[08/14/2026-09:46:43] [I] === Performance summary ===
[08/14/2026-09:46:43] [I] Throughput: 42.2734 qps
[08/14/2026-09:46:43] [I] Latency: min = 23.4263 ms, max = 23.6484 ms, mean = 23.5837 ms, median = 23.5845 ms, percentile(90%) = 23.6035 ms, percentile(95%) = 23.6096 ms, percentile(99%) = 23.6246 ms
[08/14/2026-09:46:43] [I] Enqueue Time: min = 19.7053 ms, max = 21.3889 ms, mean = 21.2455 ms, median = 21.3169 ms, percentile(90%) = 21.3409 ms, percentile(95%) = 21.3489 ms, percentile(99%) = 21.3604 ms
[08/14/2026-09:46:43] [I] H2D Latency: min = 0.0228271 ms, max = 0.0510254 ms, mean = 0.0276109 ms, median = 0.0258789 ms, percentile(90%) = 0.0290527 ms, percentile(95%) = 0.043457 ms, percentile(99%) = 0.0493164 ms
[08/14/2026-09:46:43] [I] GPU Compute Time: min = 23.3896 ms, max = 23.5916 ms, mean = 23.5441 ms, median = 23.5444 ms, percentile(90%) = 23.5601 ms, percentile(95%) = 23.5698 ms, percentile(99%) = 23.5864 ms
[08/14/2026-09:46:43] [I] D2H Latency: min = 0.0102539 ms, max = 0.0134277 ms, mean = 0.0120611 ms, median = 0.012207 ms, percentile(90%) = 0.0126953 ms, percentile(95%) = 0.0131836 ms, percentile(99%) = 0.0134277 ms
[08/14/2026-09:46:43] [I] Total Host Walltime: 5.08594 s
[08/14/2026-09:46:43] [I] Total GPU Compute Time: 5.06197 s
[08/14/2026-09:46:43] [W] * Throughput may be bound by Enqueue Time rather than GPU Compute and the GPU may be under-utilized.
[08/14/2026-09:46:43] [W]   If not already in use, --useCudaGraph (utilize CUDA graphs where possible) may increase the throughput.
[08/14/2026-09:46:43] [I] Explanations of the performance metrics are printed in the verbose logs.
[08/14/2026-09:46:43] [I]
&&&& PASSED TensorRT.trtexec [TensorRT v100300] # /usr/src/tensorrt/bin/trtexec --loadEngine=/home/jetson4/models/parakeet_ctc_vi/engines/parakeet_ctc_vi_fp16.engine --shapes=audio_signal:1x80x465,length:1 --loadInputs=audio_signal:/home/jetson4/models/parakeet_ctc_vi/test_data/test_vieneu_mel_fp32.bin,length:/home/jetson4/models/parakeet_ctc_vi/test_data/test_vieneu_mel_length_int64.bin --warmUp=1000 --duration=5 --iterations=100
